exports[`<Chart /> Should render duration segments 1`] = `
<div
  className={undefined}
  data={
    Object {
      "className": "img-responsive",
      "data": Array [
        Object {
          "color": "#e01e1b",
          "value": 1,
        },
        Object {
          "color": "#fc8d0d",
          "value": 2,
        },
        Object {
          "color": "#ede725",
          "value": 3,
        },
        Object {
          "color": "#45c43f",
          "value": 4,
        },
      ],
      "height": "90",
      "options": Object {
        "animateRotate": false,
        "animateScale": true,
        "animation": true,
        "animationSteps": 40,
        "percentageInnerCutout": 70,
        "segmentShowStroke": false,
        "showTooltips": false,
      },
      "width": "90",
    }
  }
  height={undefined}
  options={Object {}}
  width={
    Object {
      "enqueueCallback": [Function],
      "enqueueCallbackInternal": [Function],
      "enqueueElementInternal": [Function],
      "enqueueForceUpdate": [Function],
      "enqueueReplaceState": [Function],
      "enqueueSetState": [Function],
      "isMounted": [Function],
      "validateCallback": [Function],
    }
  } />
`;
